
> notebook-system-v4@1.0.0 build
> next build

โ–ฒ Next.js 16.1.1 (Turbopack)
- Environments: .env.local

npm : โ The "middleware" file convention is deprecated. Please use "proxy" instead. 
Learn more: https://nextjs.org/docs/messages/middleware-to-proxy
At line:1 char:1
+ npm run build 2>&1 | Out-File -FilePath build-output.txt; Get-Content ...
+ ~~~~~~~~~~~~~~~~~~
    + CategoryInfo          : NotSpecified: (โ The "middle...leware-to-proxy:Strin  
  g) [], RemoteException
    + FullyQualifiedErrorId : NativeCommandError
 
  Creating an optimized production build ...
โ“ Compiled successfully in 3.4s
  Running TypeScript ...
  Collecting page data using 11 workers ...
  Generating static pages using 11 workers (0/19) ...
Error occurred prerendering page "/admin/equipment/new". Read more: 
https://nextjs.org/docs/messages/prerender-error
Error: @supabase/ssr: Your project's URL and API key are required to create a 
Supabase client!

Check your Supabase project's API settings to find these values

https://supabase.com/dashboard/project/_/settings/api
    at <unknown> (https://supabase.com/dashboard/project/_/settings/api)
    at <unknown> (C:\Users\Pisit\Documents\notebook-system-v4\.next\server\chunks\ssr
\_185ab4e6._.js:55:49)
    at module evaluation (C:\Users\Pisit\Documents\notebook-system-v4\.next\server\ch
unks\ssr\_185ab4e6._.js:59:4544)
    at instantiateModule (C:\Users\Pisit\Documents\notebook-system-v4\.next\server\ch
unks\ssr\[turbopack]_runtime.js:740:9)
    at getOrInstantiateModuleFromParent (C:\Users\Pisit\Documents\notebook-system-v4\
.next\server\chunks\ssr\[turbopack]_runtime.js:763:12)
    at Context.esmImport [as i] (C:\Users\Pisit\Documents\notebook-system-v4\.next\se
rver\chunks\ssr\[turbopack]_runtime.js:228:20)
    at module evaluation (C:\Users\Pisit\Documents\notebook-system-v4\.next\server\ch
unks\ssr\_e9660071._.js:1:3671)
    at instantiateModule (C:\Users\Pisit\Documents\notebook-system-v4\.next\server\ch
unks\ssr\[turbopack]_runtime.js:740:9)
    at getOrInstantiateModuleFromParent (C:\Users\Pisit\Documents\notebook-system-v4\
.next\server\chunks\ssr\[turbopack]_runtime.js:763:12)
    at Context.esmImport [as i] (C:\Users\Pisit\Documents\notebook-system-v4\.next\se
rver\chunks\ssr\[turbopack]_runtime.js:228:20)
    at module evaluation (C:\Users\Pisit\Documents\notebook-system-v4\.next\server\ch
unks\ssr\_e9660071._.js:1:7957) {
  digest: '528338226'
}
Export encountered an error on /admin/equipment/new/page: /admin/equipment/new, 
exiting the build.
โจฏ Next.js build worker exited with code: 1 and signal: null
